Microsoft Windows [Versión 10.0.19045.5371]
(c) Microsoft Corporation. Todos los derechos reservados.

C:\Users\Latitude\Documents\INGENIERIA\tercer cuatri\Maestro Fadul\practica git>
C:\Users\Latitude\Documents\INGENIERIA\tercer cuatri\Maestro Fadul\practica git>git-ls
"git-ls" no se reconoce como un comando interno o externo,
programa o archivo por lotes ejecutable.

C:\Users\Latitude\Documents\INGENIERIA\tercer cuatri\Maestro Fadul\practica git>git ls-files
index.html

C:\Users\Latitude\Documents\INGENIERIA\tercer cuatri\Maestro Fadul\practica git>git status
On branch master
nothing to commit, working tree clean

C:\Users\Latitude\Documents\INGENIERIA\tercer cuatri\Maestro Fadul\practica git>git commint -am "Nuevo archivo2.txt"
git: 'commint' is not a git command. See 'git --help'.

The most similar command is
        commit

C:\Users\Latitude\Documents\INGENIERIA\tercer cuatri\Maestro Fadul\practica git>git commit -am "Nuevo archivo2.txt"
On branch master
nothing to commit, working tree clean

C:\Users\Latitude\Documents\INGENIERIA\tercer cuatri\Maestro Fadul\practica git>git commit -am "Nuevo archivo2.txt"
On branch master
Untracked files:
  (use "git add <file>..." to include in what will be committed)
        prueba.txt

nothing added to commit but untracked files present (use "git add" to track)

C:\Users\Latitude\Documents\INGENIERIA\tercer cuatri\Maestro Fadul\practica git>git status
On branch master
Untracked files:
  (use "git add <file>..." to include in what will be committed)
        prueba.txt

nothing added to commit but untracked files present (use "git add" to track)

C:\Users\Latitude\Documents\INGENIERIA\tercer cuatri\Maestro Fadul\practica git>git commit
On branch master
Untracked files:
  (use "git add <file>..." to include in what will be committed)
        prueba.txt

nothing added to commit but untracked files present (use "git add" to track)

C:\Users\Latitude\Documents\INGENIERIA\tercer cuatri\Maestro Fadul\practica git>
C:\Users\Latitude\Documents\INGENIERIA\tercer cuatri\Maestro Fadul\practica git>
C:\Users\Latitude\Documents\INGENIERIA\tercer cuatri\Maestro Fadul\practica git>git commit -am "prueba.txt"
On branch master
Untracked files:
  (use "git add <file>..." to include in what will be committed)
        prueba.txt

nothing added to commit but untracked files present (use "git add" to track)

C:\Users\Latitude\Documents\INGENIERIA\tercer cuatri\Maestro Fadul\practica git>
C:\Users\Latitude\Documents\INGENIERIA\tercer cuatri\Maestro Fadul\practica git>
C:\Users\Latitude\Documents\INGENIERIA\tercer cuatri\Maestro Fadul\practica git>git brand
git: 'brand' is not a git command. See 'git --help'.

The most similar command is
        branch

C:\Users\Latitude\Documents\INGENIERIA\tercer cuatri\Maestro Fadul\practica git>git branch
  invi
* master

C:\Users\Latitude\Documents\INGENIERIA\tercer cuatri\Maestro Fadul\practica git>
C:\Users\Latitude\Documents\INGENIERIA\tercer cuatri\Maestro Fadul\practica git>
C:\Users\Latitude\Documents\INGENIERIA\tercer cuatri\Maestro Fadul\practica git>
C:\Users\Latitude\Documents\INGENIERIA\tercer cuatri\Maestro Fadul\practica git>git status
On branch master
Untracked files:
  (use "git add <file>..." to include in what will be committed)
        prueba.txt

nothing added to commit but untracked files present (use "git add" to track)

C:\Users\Latitude\Documents\INGENIERIA\tercer cuatri\Maestro Fadul\practica git>git add prueba.txt

C:\Users\Latitude\Documents\INGENIERIA\tercer cuatri\Maestro Fadul\practica git>git status
On branch master
Changes to be committed:
  (use "git restore --staged <file>..." to unstage)
        new file:   prueba.txt


C:\Users\Latitude\Documents\INGENIERIA\tercer cuatri\Maestro Fadul\practica git>git commit -am "prueba.txt"
[master 0ccb78c] prueba.txt
 1 file changed, 0 insertions(+), 0 deletions(-)
 create mode 100644 prueba.txt

C:\Users\Latitude\Documents\INGENIERIA\tercer cuatri\Maestro Fadul\practica git>git status
On branch master
nothing to commit, working tree clean

C:\Users\Latitude\Documents\INGENIERIA\tercer cuatri\Maestro Fadul\practica git>git status
On branch master
nothing to commit, working tree clean

C:\Users\Latitude\Documents\INGENIERIA\tercer cuatri\Maestro Fadul\practica git>git status
On branch master
nothing to commit, working tree clean

C:\Users\Latitude\Documents\INGENIERIA\tercer cuatri\Maestro Fadul\practica git>git status
On branch master
Changes not staged for commit:
  (use "git add <file>..." to update what will be committed)
  (use "git restore <file>..." to discard changes in working directory)
        modified:   prueba.txt

no changes added to commit (use "git add" and/or "git commit -a")

C:\Users\Latitude\Documents\INGENIERIA\tercer cuatri\Maestro Fadul\practica git>git reset pruebas.txt
fatal: ambiguous argument 'pruebas.txt': unknown revision or path not in the working tree.
Use '--' to separate paths from revisions, like this:
'git <command> [<revision>...] -- [<file>...]'

C:\Users\Latitude\Documents\INGENIERIA\tercer cuatri\Maestro Fadul\practica git>git reset prueba.txt
Unstaged changes after reset:
M       prueba.txt

C:\Users\Latitude\Documents\INGENIERIA\tercer cuatri\Maestro Fadul\practica git>
C:\Users\Latitude\Documents\INGENIERIA\tercer cuatri\Maestro Fadul\practica git>git status
On branch master
Changes not staged for commit:
  (use "git add <file>..." to update what will be committed)
  (use "git restore <file>..." to discard changes in working directory)
        modified:   prueba.txt

no changes added to commit (use "git add" and/or "git commit -a")

C:\Users\Latitude\Documents\INGENIERIA\tercer cuatri\Maestro Fadul\practica git>git reset pruebas.txt
fatal: ambiguous argument 'pruebas.txt': unknown revision or path not in the working tree.
Use '--' to separate paths from revisions, like this:
'git <command> [<revision>...] -- [<file>...]'

C:\Users\Latitude\Documents\INGENIERIA\tercer cuatri\Maestro Fadul\practica git>git reset "pruebas.txt"
fatal: ambiguous argument 'pruebas.txt': unknown revision or path not in the working tree.
Use '--' to separate paths from revisions, like this:
'git <command> [<revision>...] -- [<file>...]'

C:\Users\Latitude\Documents\INGENIERIA\tercer cuatri\Maestro Fadul\practica git>git --reset pruebas.txt
unknown option: --reset
usage: git [-v | --version] [-h | --help] [-C <path>] [-c <name>=<value>]
           [--exec-path[=<path>]] [--html-path] [--man-path] [--info-path]
           [-p | --paginate | -P | --no-pager] [--no-replace-objects] [--bare]
           [--git-dir=<path>] [--work-tree=<path>] [--namespace=<name>]
           [--config-env=<name>=<envvar>] <command> [<args>]

C:\Users\Latitude\Documents\INGENIERIA\tercer cuatri\Maestro Fadul\practica git>git reset pruebas.txt
fatal: ambiguous argument 'pruebas.txt': unknown revision or path not in the working tree.
Use '--' to separate paths from revisions, like this:
'git <command> [<revision>...] -- [<file>...]'

C:\Users\Latitude\Documents\INGENIERIA\tercer cuatri\Maestro Fadul\practica git>git reset pruebas.txt
fatal: ambiguous argument 'pruebas.txt': unknown revision or path not in the working tree.
Use '--' to separate paths from revisions, like this:
'git <command> [<revision>...] -- [<file>...]'

C:\Users\Latitude\Documents\INGENIERIA\tercer cuatri\Maestro Fadul\practica git>
C:\Users\Latitude\Documents\INGENIERIA\tercer cuatri\Maestro Fadul\practica git>git .add
git: '.add' is not a git command. See 'git --help'.

The most similar command is
        add

C:\Users\Latitude\Documents\INGENIERIA\tercer cuatri\Maestro Fadul\practica git>git .add
git: '.add' is not a git command. See 'git --help'.

The most similar command is
        add

C:\Users\Latitude\Documents\INGENIERIA\tercer cuatri\Maestro Fadul\practica git>
C:\Users\Latitude\Documents\INGENIERIA\tercer cuatri\Maestro Fadul\practica git>git add
Nothing specified, nothing added.
hint: Maybe you wanted to say 'git add .'?
hint: Turn this message off by running
hint: "git config advice.addEmptyPathspec false"

C:\Users\Latitude\Documents\INGENIERIA\tercer cuatri\Maestro Fadul\practica git>
C:\Users\Latitude\Documents\INGENIERIA\tercer cuatri\Maestro Fadul\practica git>git status
On branch master
Changes not staged for commit:
  (use "git add <file>..." to update what will be committed)
  (use "git restore <file>..." to discard changes in working directory)
        modified:   prueba.txt

no changes added to commit (use "git add" and/or "git commit -a")

C:\Users\Latitude\Documents\INGENIERIA\tercer cuatri\Maestro Fadul\practica git>
C:\Users\Latitude\Documents\INGENIERIA\tercer cuatri\Maestro Fadul\practica git>
C:\Users\Latitude\Documents\INGENIERIA\tercer cuatri\Maestro Fadul\practica git>
C:\Users\Latitude\Documents\INGENIERIA\tercer cuatri\Maestro Fadul\practica git>git add prueba.txt

C:\Users\Latitude\Documents\INGENIERIA\tercer cuatri\Maestro Fadul\practica git>
C:\Users\Latitude\Documents\INGENIERIA\tercer cuatri\Maestro Fadul\practica git>git status
On branch master
Changes to be committed:
  (use "git restore --staged <file>..." to unstage)
        modified:   prueba.txt


C:\Users\Latitude\Documents\INGENIERIA\tercer cuatri\Maestro Fadul\practica git>git retest prueba.txt
git: 'retest' is not a git command. See 'git --help'.

The most similar command is
        reset

C:\Users\Latitude\Documents\INGENIERIA\tercer cuatri\Maestro Fadul\practica git>
C:\Users\Latitude\Documents\INGENIERIA\tercer cuatri\Maestro Fadul\practica git>git reset prueba.txt
Unstaged changes after reset:
M       prueba.txt

C:\Users\Latitude\Documents\INGENIERIA\tercer cuatri\Maestro Fadul\practica git>
C:\Users\Latitude\Documents\INGENIERIA\tercer cuatri\Maestro Fadul\practica git>git status
On branch master
Changes not staged for commit:
  (use "git add <file>..." to update what will be committed)
  (use "git restore <file>..." to discard changes in working directory)
        modified:   prueba.txt

no changes added to commit (use "git add" and/or "git commit -a")

C:\Users\Latitude\Documents\INGENIERIA\tercer cuatri\Maestro Fadul\practica git>
C:\Users\Latitude\Documents\INGENIERIA\tercer cuatri\Maestro Fadul\practica git>git checkout prueba.txt
Updated 1 path from the index

C:\Users\Latitude\Documents\INGENIERIA\tercer cuatri\Maestro Fadul\practica git>
C:\Users\Latitude\Documents\INGENIERIA\tercer cuatri\Maestro Fadul\practica git>
C:\Users\Latitude\Documents\INGENIERIA\tercer cuatri\Maestro Fadul\practica git>git push -u origin main
error: src refspec main does not match any
error: failed to push some refs to 'origin'

C:\Users\Latitude\Documents\INGENIERIA\tercer cuatri\Maestro Fadul\practica git>git ls-files
index.html
prueba.txt

C:\Users\Latitude\Documents\INGENIERIA\tercer cuatri\Maestro Fadul\practica git>git status
On branch master
nothing to commit, working tree clean

C:\Users\Latitude\Documents\INGENIERIA\tercer cuatri\Maestro Fadul\practica git>git status
On branch master
nothing to commit, working tree clean

C:\Users\Latitude\Documents\INGENIERIA\tercer cuatri\Maestro Fadul\practica git>git add .add
fatal: pathspec '.add' did not match any files

C:\Users\Latitude\Documents\INGENIERIA\tercer cuatri\Maestro Fadul\practica git>git add .add ..
fatal: ..: '..' is outside repository at 'C:/Users/Latitude/Documents/INGENIERIA/tercer cuatri/Maestro Fadul/practica git'

C:\Users\Latitude\Documents\INGENIERIA\tercer cuatri\Maestro Fadul\practica git>git add .add
fatal: pathspec '.add' did not match any files

C:\Users\Latitude\Documents\INGENIERIA\tercer cuatri\Maestro Fadul\practica git>
C:\Users\Latitude\Documents\INGENIERIA\tercer cuatri\Maestro Fadul\practica git>git status
On branch master
nothing to commit, working tree clean

C:\Users\Latitude\Documents\INGENIERIA\tercer cuatri\Maestro Fadul\practica git>git add .add
fatal: pathspec '.add' did not match any files

C:\Users\Latitude\Documents\INGENIERIA\tercer cuatri\Maestro Fadul\practica git>git .add
git: '.add' is not a git command. See 'git --help'.

The most similar command is
        add

C:\Users\Latitude\Documents\INGENIERIA\tercer cuatri\Maestro Fadul\practica git>git .add
git: '.add' is not a git command. See 'git --help'.

The most similar command is
        add

C:\Users\Latitude\Documents\INGENIERIA\tercer cuatri\Maestro Fadul\practica git>git .add
git: '.add' is not a git command. See 'git --help'.

The most similar command is
        add

C:\Users\Latitude\Documents\INGENIERIA\tercer cuatri\Maestro Fadul\practica git>
C:\Users\Latitude\Documents\INGENIERIA\tercer cuatri\Maestro Fadul\practica git>
C:\Users\Latitude\Documents\INGENIERIA\tercer cuatri\Maestro Fadul\practica git>
C:\Users\Latitude\Documents\INGENIERIA\tercer cuatri\Maestro Fadul\practica git>git push -u origin main
error: src refspec main does not match any
error: failed to push some refs to 'origin'

C:\Users\Latitude\Documents\INGENIERIA\tercer cuatri\Maestro Fadul\practica git>git push
fatal: No configured push destination.
Either specify the URL from the command-line or configure a remote repository using

    git remote add <name> <url>

and then push using the remote name

    git push <name>


C:\Users\Latitude\Documents\INGENIERIA\tercer cuatri\Maestro Fadul\practica git>

conflicto master

practica 1
qw

prac2

